Release 14.7 - xst P.20131013 (lin64)
Copyright (c) 1995-2013 Xilinx, Inc.  All rights reserved.
--> 
Parameter TMPDIR set to xst/projnav.tmp


Total REAL time to Xst completion: 0.00 secs
Total CPU time to Xst completion: 0.03 secs
 
--> 
Parameter xsthdpdir set to xst


Total REAL time to Xst completion: 0.00 secs
Total CPU time to Xst completion: 0.03 secs
 
--> 
Reading design: Diff_Module.prj

TABLE OF CONTENTS
  1) Synthesis Options Summary
  2) HDL Parsing
  3) HDL Elaboration
  4) HDL Synthesis
       4.1) HDL Synthesis Report
  5) Advanced HDL Synthesis
       5.1) Advanced HDL Synthesis Report
  6) Low Level Synthesis
  7) Partition Report
  8) Design Summary
       8.1) Primitive and Black Box Usage
       8.2) Device utilization summary
       8.3) Partition Resource Summary
       8.4) Timing Report
            8.4.1) Clock Information
            8.4.2) Asynchronous Control Signals Information
            8.4.3) Timing Summary
            8.4.4) Timing Details
            8.4.5) Cross Clock Domains Report


=========================================================================
*                      Synthesis Options Summary                        *
=========================================================================
---- Source Parameters
Input File Name                    : "Diff_Module.prj"
Ignore Synthesis Constraint File   : NO

---- Target Parameters
Output File Name                   : "Diff_Module"
Output Format                      : NGC
Target Device                      : xa7a100t-2I-csg324

---- Source Options
Top Module Name                    : Diff_Module
Automatic FSM Extraction           : YES
FSM Encoding Algorithm             : Auto
Safe Implementation                : No
FSM Style                          : LUT
RAM Extraction                     : Yes
RAM Style                          : Auto
ROM Extraction                     : Yes
Shift Register Extraction          : YES
ROM Style                          : Auto
Resource Sharing                   : YES
Asynchronous To Synchronous        : NO
Shift Register Minimum Size        : 2
Use DSP Block                      : Auto
Automatic Register Balancing       : No

---- Target Options
LUT Combining                      : Auto
Reduce Control Sets                : Auto
Add IO Buffers                     : YES
Global Maximum Fanout              : 100000
Add Generic Clock Buffer(BUFG)     : 32
Register Duplication               : YES
Optimize Instantiated Primitives   : NO
Use Clock Enable                   : Auto
Use Synchronous Set                : Auto
Use Synchronous Reset              : Auto
Pack IO Registers into IOBs        : Auto
Equivalent register Removal        : YES

---- General Options
Optimization Goal                  : Speed
Optimization Effort                : 1
Power Reduction                    : NO
Keep Hierarchy                     : No
Netlist Hierarchy                  : As_Optimized
RTL Output                         : Yes
Global Optimization                : AllClockNets
Read Cores                         : YES
Write Timing Constraints           : NO
Cross Clock Analysis               : NO
Hierarchy Separator                : /
Bus Delimiter                      : <>
Case Specifier                     : Maintain
Slice Utilization Ratio            : 100
BRAM Utilization Ratio             : 100
DSP48 Utilization Ratio            : 100
Auto BRAM Packing                  : NO
Slice Utilization Ratio Delta      : 5

---- Other Options
Cores Search Directories           : {"ipcore_dir"  }

=========================================================================


=========================================================================
*                          HDL Parsing                                  *
=========================================================================
Analyzing Verilog file "/home/pranav/KGP_RISC_Grp_52/Diff_Module.v" into library work
Parsing module <Diff_Module>.

=========================================================================
*                            HDL Elaboration                            *
=========================================================================

Elaborating module <Diff_Module>.
WARNING:HDLCompiler:413 - "/home/pranav/KGP_RISC_Grp_52/Diff_Module.v" Line 9: Result of 32-bit expression is truncated to fit in 1-bit target.
WARNING:HDLCompiler:413 - "/home/pranav/KGP_RISC_Grp_52/Diff_Module.v" Line 14: Result of 32-bit expression is truncated to fit in 1-bit target.
WARNING:HDLCompiler:413 - "/home/pranav/KGP_RISC_Grp_52/Diff_Module.v" Line 15: Result of 32-bit expression is truncated to fit in 1-bit target.
WARNING:HDLCompiler:295 - "/home/pranav/KGP_RISC_Grp_52/Diff_Module.v" Line 20: case condition never applies
WARNING:HDLCompiler:295 - "/home/pranav/KGP_RISC_Grp_52/Diff_Module.v" Line 21: case condition never applies
WARNING:HDLCompiler:295 - "/home/pranav/KGP_RISC_Grp_52/Diff_Module.v" Line 22: case condition never applies
WARNING:HDLCompiler:295 - "/home/pranav/KGP_RISC_Grp_52/Diff_Module.v" Line 23: case condition never applies
WARNING:HDLCompiler:295 - "/home/pranav/KGP_RISC_Grp_52/Diff_Module.v" Line 24: case condition never applies
WARNING:HDLCompiler:295 - "/home/pranav/KGP_RISC_Grp_52/Diff_Module.v" Line 25: case condition never applies
WARNING:HDLCompiler:295 - "/home/pranav/KGP_RISC_Grp_52/Diff_Module.v" Line 26: case condition never applies
WARNING:HDLCompiler:295 - "/home/pranav/KGP_RISC_Grp_52/Diff_Module.v" Line 27: case condition never applies
WARNING:HDLCompiler:295 - "/home/pranav/KGP_RISC_Grp_52/Diff_Module.v" Line 28: case condition never applies
WARNING:HDLCompiler:295 - "/home/pranav/KGP_RISC_Grp_52/Diff_Module.v" Line 29: case condition never applies
WARNING:HDLCompiler:295 - "/home/pranav/KGP_RISC_Grp_52/Diff_Module.v" Line 30: case condition never applies
WARNING:HDLCompiler:295 - "/home/pranav/KGP_RISC_Grp_52/Diff_Module.v" Line 31: case condition never applies
WARNING:HDLCompiler:295 - "/home/pranav/KGP_RISC_Grp_52/Diff_Module.v" Line 32: case condition never applies
WARNING:HDLCompiler:295 - "/home/pranav/KGP_RISC_Grp_52/Diff_Module.v" Line 33: case condition never applies
WARNING:HDLCompiler:295 - "/home/pranav/KGP_RISC_Grp_52/Diff_Module.v" Line 34: case condition never applies
WARNING:HDLCompiler:295 - "/home/pranav/KGP_RISC_Grp_52/Diff_Module.v" Line 35: case condition never applies
WARNING:HDLCompiler:295 - "/home/pranav/KGP_RISC_Grp_52/Diff_Module.v" Line 36: case condition never applies
WARNING:HDLCompiler:295 - "/home/pranav/KGP_RISC_Grp_52/Diff_Module.v" Line 37: case condition never applies
WARNING:HDLCompiler:295 - "/home/pranav/KGP_RISC_Grp_52/Diff_Module.v" Line 38: case condition never applies
WARNING:HDLCompiler:295 - "/home/pranav/KGP_RISC_Grp_52/Diff_Module.v" Line 39: case condition never applies
WARNING:HDLCompiler:295 - "/home/pranav/KGP_RISC_Grp_52/Diff_Module.v" Line 40: case condition never applies
WARNING:HDLCompiler:295 - "/home/pranav/KGP_RISC_Grp_52/Diff_Module.v" Line 41: case condition never applies
WARNING:HDLCompiler:295 - "/home/pranav/KGP_RISC_Grp_52/Diff_Module.v" Line 42: case condition never applies
WARNING:HDLCompiler:295 - "/home/pranav/KGP_RISC_Grp_52/Diff_Module.v" Line 43: case condition never applies
WARNING:HDLCompiler:295 - "/home/pranav/KGP_RISC_Grp_52/Diff_Module.v" Line 44: case condition never applies
WARNING:HDLCompiler:295 - "/home/pranav/KGP_RISC_Grp_52/Diff_Module.v" Line 45: case condition never applies
WARNING:HDLCompiler:295 - "/home/pranav/KGP_RISC_Grp_52/Diff_Module.v" Line 46: case condition never applies
WARNING:HDLCompiler:295 - "/home/pranav/KGP_RISC_Grp_52/Diff_Module.v" Line 47: case condition never applies
WARNING:HDLCompiler:295 - "/home/pranav/KGP_RISC_Grp_52/Diff_Module.v" Line 48: case condition never applies
WARNING:HDLCompiler:295 - "/home/pranav/KGP_RISC_Grp_52/Diff_Module.v" Line 49: case condition never applies
WARNING:HDLCompiler:295 - "/home/pranav/KGP_RISC_Grp_52/Diff_Module.v" Line 50: case condition never applies

=========================================================================
*                           HDL Synthesis                               *
=========================================================================

Synthesizing Unit <Diff_Module>.
    Related source file is "/home/pranav/KGP_RISC_Grp_52/Diff_Module.v".
    Found 32-bit subtractor for signal <n0016> created at line 9.
WARNING:Xst:737 - Found 1-bit latch for signal <Output<4>>. Latches may be generated from incomplete case or if statements. We do not recommend the use of latches in FPGA/CPLD designs, as they may lead to timing problems.
    Summary:
	inferred   1 Adder/Subtractor(s).
	inferred   1 Latch(s).
Unit <Diff_Module> synthesized.

=========================================================================
HDL Synthesis Report

Macro Statistics
# Adders/Subtractors                                   : 1
 32-bit subtractor                                     : 1
# Latches                                              : 1
 1-bit latch                                           : 1
# Xors                                                 : 1
 32-bit xor2                                           : 1

=========================================================================

=========================================================================
*                       Advanced HDL Synthesis                          *
=========================================================================

WARNING:Xst - The specified part-type was not generated at build time. XST is loading the full part-type and will therefore consume more CPU and memory.
Loading device for application Rf_Device from file '7a100t.nph' in environment /opt/Xilinx/14.7/ISE_DS/ISE/.
Loading device for application Rf_Device from file '7a100t.nph' in environment /opt/Xilinx/14.7/ISE_DS/ISE/.
WARNING:Xst:1710 - FF/Latch <Output_4> (without init value) has a constant value of 0 in block <Diff_Module>. This FF/Latch will be trimmed during the optimization process.

=========================================================================
Advanced HDL Synthesis Report

Macro Statistics
# Adders/Subtractors                                   : 1
 1-bit subtractor                                      : 1
# Xors                                                 : 1
 32-bit xor2                                           : 1

=========================================================================

=========================================================================
*                         Low Level Synthesis                           *
=========================================================================
WARNING:Xst:1710 - FF/Latch <Output_4> (without init value) has a constant value of 0 in block <Diff_Module>. This FF/Latch will be trimmed during the optimization process.

Optimizing unit <Diff_Module> ...

Mapping all equations...
Building and optimizing final netlist ...
Found area constraint ratio of 100 (+ 5) on block Diff_Module, actual ratio is 0.

Final Macro Processing ...

=========================================================================
Final Register Report

Found no macro
=========================================================================

=========================================================================
*                           Partition Report                            *
=========================================================================

Partition Implementation Status
-------------------------------

  No Partitions were found in this design.

-------------------------------

=========================================================================
*                            Design Summary                             *
=========================================================================

Top Level Output File Name         : Diff_Module.ngc

Primitive and Black Box Usage:
------------------------------
# BELS                             : 2
#      GND                         : 1
#      INV                         : 1
# IO Buffers                       : 8
#      IBUF                        : 1
#      OBUF                        : 7

Device utilization summary:
---------------------------

Selected Device : xa7a100tcsg324-2i 


Slice Logic Utilization: 
 Number of Slice LUTs:                    1  out of  63400     0%  
    Number used as Logic:                 1  out of  63400     0%  

Slice Logic Distribution: 
 Number of LUT Flip Flop pairs used:      1
   Number with an unused Flip Flop:       1  out of      1   100%  
   Number with an unused LUT:             0  out of      1     0%  
   Number of fully used LUT-FF pairs:     0  out of      1     0%  
   Number of unique control sets:         0

IO Utilization: 
 Number of IOs:                          39
 Number of bonded IOBs:                   8  out of    210     3%  

Specific Feature Utilization:

---------------------------
Partition Resource Summary:
---------------------------

  No Partitions were found in this design.

---------------------------


=========================================================================
Timing Report

NOTE: THESE TIMING NUMBERS ARE ONLY A SYNTHESIS ESTIMATE.
      FOR ACCURATE TIMING INFORMATION PLEASE REFER TO THE TRACE REPORT
      GENERATED AFTER PLACE-and-ROUTE.

Clock Information:
------------------
No clock signals found in this design

Asynchronous Control Signals Information:
----------------------------------------
No asynchronous control signals found in this design

Timing Summary:
---------------
Speed Grade: -2

   Minimum period: No path found
   Minimum input arrival time before clock: No path found
   Maximum output required time after clock: No path found
   Maximum combinational path delay: 0.792ns

Timing Details:
---------------
All values displayed in nanoseconds (ns)

=========================================================================
Timing constraint: Default path analysis
  Total number of paths / destination ports: 1 / 1
-------------------------------------------------------------------------
Delay:               0.792ns (Levels of Logic = 3)
  Source:            Input<0> (PAD)
  Destination:       Equal (PAD)

  Data Path: Input<0> to Equal
                                Gate     Net
    Cell:in->out      fanout   Delay   Delay  Logical Name (Net Name)
    ----------------------------------------  ------------
     IBUF:I->O             1   0.001   0.339  Input_0_IBUF (Input_0_IBUF)
     INV:I->O              1   0.113   0.339  Equal1_INV_0 (Equal_OBUF)
     OBUF:I->O                 0.000          Equal_OBUF (Equal)
    ----------------------------------------
    Total                      0.792ns (0.114ns logic, 0.678ns route)
                                       (14.4% logic, 85.6% route)

=========================================================================

Cross Clock Domains Report:
--------------------------

=========================================================================


Total REAL time to Xst completion: 23.00 secs
Total CPU time to Xst completion: 22.35 secs
 
--> 


Total memory usage is 827500 kilobytes

Number of errors   :    0 (   0 filtered)
Number of warnings :   38 (   0 filtered)
Number of infos    :    0 (   0 filtered)

